// Jest Snapshot v1, https://goo.gl/fbAQLP

exports[`Creates a component returns correctly 1`] = `
<div
  className="ui container"
  style={
    Object {
      "marginTop": 40,
    }
  }
  textalign="center"
>
  <div
    className="ui three column grid"
  >
    <div
      className="row"
    />
  </div>
</div>
`;
